== step 1: scenario
  attempt 1: failed  (The README's "A Simple Example" is the first thing the docs show: create a `URLSafeSerializer("secre…)
  attempt 2: ran  (The README's "A Simple Example" is the library's headline use: build a `URLSafeSerializer("secret ke…)
  trace: 4 lines → /Users/omojumiller/dev/comprehension/stories/itsdangerous-journey/trace.txt
== step 2: outline
It's Dangerous, So Better Sign This: One Token's Round Trip  [owner]: 8 chapters
   1. Two Strings Become a Trust Boundary  [trace 1-1]
   2. JSON, a Compression Gamble, and Base64  [trace 1-1]
   3. Deriving the Key the Token Will Be Judged By  [trace 1-1]
   4. A Dot, and the Token Leaves the Building  [trace 1-1]
   5. The Token Comes Back, and Is Split Apart  [trace 1-2]
   6. Constant Time, Newest Key First  [trace 1-2]
   7. Back to a Dict  [trace 2-2]
   8. The Forged Twin  [trace 3-4]
  ! ch2 starts at trace line 1, before the previous chapter ended (1)
  ! ch3 starts at trace line 1, before the previous chapter ended (1)
  ! ch4 starts at trace line 1, before the previous chapter ended (1)
  ! ch5 starts at trace line 1, before the previous chapter ended (1)
  ! ch6 starts at trace line 1, before the previous chapter ended (2)
  ! ch7 starts at trace line 2, before the previous chapter ended (2)

tokens: 1,337 in (+0 cached, 50,436 written to cache), 9,039 out
== step 3: chapters 1-2
   1. 01-two-strings-become-a-trust-boundary.md  939 words, 19 citations, 56s, $0.50  → ok
   2. 02-json-a-compression-gamble-and-base64.md  996 words, 10 citations, 52s, $0.17  → ok
