The Class That Was Rewritten: One Run Through attrs  [owner]: 14 chapters
   1. The Door, and What It Decides Before You Knock  [trace 2-5]
   2. Flags Become Policy  [trace 6-30]
   3. Harvesting the Fields  [trace 31-68]
   4. The Hook That Quietly Removed Itself  [trace 69-71]
   5. Repr, Equality, and a Deliberate Absence  [trace 72-85]
   6. Writing the Initializer, Line by Line  [trace 86-96]
   7. Two Protocols, Added Only If Vacant  [trace 97-106]
   8. One compile(), One linecache Entry  [trace 107-127]
   9. The Class You Get Back Is Not the Class You Wrote  [trace 128-135]
  10. An Instance, Briefly  [trace 136-137]
  11. Flattening It Out  [trace 138-152]
  12. A Class From Two Strings  [trace 153-166]
  13. The Same Machine, Legacy Settings  [trace 167-241]
  14. Patching In Place, and the Coda  [trace 242-269]
  ! 14 chapters, budget is 10: merge the thinnest spans into their neighbours

repair 1/2
The Class That Was Rewritten: One Run Through attrs  [owner]: 10 chapters
   1. The Door, and the Flags That Become Policy  [trace 2-30]
   2. Harvesting the Fields  [trace 31-68]
   3. The Hook That Quietly Removed Itself  [trace 69-85]
   4. Writing the Initializer, and Two Protocols Added Only If Vacant  [trace 86-106]
   5. One compile(), One linecache Entry  [trace 107-127]
   6. The Class You Get Back Is Not the Class You Wrote  [trace 128-137]
   7. Flattening It Out  [trace 138-152]
   8. A Class From Two Strings  [trace 153-166]
   9. The Same Machine, Legacy Settings  [trace 167-241]
  10. Patching In Place, and the Coda  [trace 242-269]

.repair1 tokens: 31,561 in (+0 cached, 160,009 written to cache), 12,928 out
